PS C:\Users\kathi\OneDrive\Desktop\Github> git clone git@github.com:Kathir2710/training-github.git
Cloning into 'training-github'...
Enter passphrase for key '/c/Users/kathi/.ssh/id_ed25519': 
remote: Enumerating objects: 11, done.
remote: Counting objects: 100% (11/11), done.
remote: Compressing objects: 100% (4/4), done.
remote: Total 11 (delta 0), reused 0 (delta 0), pack-reused 0 (from 0)
Receiving objects: 100% (11/11), done.
PS C:\Users\kathi\OneDrive\Desktop\Github> cd training-github
PS C:\Users\kathi\OneDrive\Desktop\Github\training-github> git status
On branch main
Your branch is up to date with 'origin/main'.

Untracked files:
  (use "git add <file>..." to include in what will be committed)
        test2.txt

nothing added to commit but untracked files present (use "git add" to track)
PS C:\Users\kathi\OneDrive\Desktop\Github\training-github> git add test2.txt
PS C:\Users\kathi\OneDrive\Desktop\Github\training-github> git status
On branch main
Your branch is up to date with 'origin/main'.

Changes to be committed:
  (use "git restore --staged <file>..." to unstage)
        new file:   test2.txt

PS C:\Users\kathi\OneDrive\Desktop\Github\training-github> git status
On branch main
Your branch is up to date with 'origin/main'.

Changes to be committed:
  (use "git restore --staged <file>..." to unstage)
        new file:   test2.txt

Changes not staged for commit:
  (use "git add <file>..." to update what will be committed)
  (use "git restore <file>..." to discard changes in working directory)
        modified:   value.txt

PS C:\Users\kathi\OneDrive\Desktop\Github\training-github> git add value.txt
PS C:\Users\kathi\OneDrive\Desktop\Github\training-github> git status
On branch main
Your branch is up to date with 'origin/main'.

Changes to be committed:
  (use "git restore --staged <file>..." to unstage)
        new file:   test2.txt
        modified:   value.txt

PS C:\Users\kathi\OneDrive\Desktop\Github\training-github> git init
Reinitialized existing Git repository in C:/Users/kathi/OneDrive/Desktop/Github/training-github/.git/
PS C:\Users\kathi\OneDrive\Desktop\Github\training-github> git status
On branch main
Your branch is up to date with 'origin/main'.

Changes to be committed:
  (use "git restore --staged <file>..." to unstage)
        new file:   test2.txt
        modified:   value.txt

PS C:\Users\kathi\OneDrive\Desktop\Github\training-github> git status
On branch main
Your branch is up to date with 'origin/main'.

Changes to be committed:
  (use "git restore --staged <file>..." to unstage)
        new file:   test2.txt
        modified:   value.txt

Changes not staged for commit:
  (use "git add <file>..." to update what will be committed)
  (use "git restore <file>..." to discard changes in working directory)
        modified:   value.txt

PS C:\Users\kathi\OneDrive\Desktop\Github\training-github> git add value.txt
PS C:\Users\kathi\OneDrive\Desktop\Github\training-github> git status       
On branch main
Your branch is up to date with 'origin/main'.

Changes to be committed:
  (use "git restore --staged <file>..." to unstage)
        new file:   test2.txt
        modified:   value.txt

PS C:\Users\kathi\OneDrive\Desktop\Github\training-github> git commit -m "Add Second fles"
[main acaf514] Add Second fles
 2 files changed, 5 insertions(+), 1 deletion(-)
 create mode 100644 test2.txt
PS C:\Users\kathi\OneDrive\Desktop\Github\training-github> git push origin main
Enter passphrase for key '/c/Users/kathi/.ssh/id_ed25519': 
Enumerating objects: 6, done.
Counting objects: 100% (6/6), done.
Delta compression using up to 8 threads
Compressing objects: 100% (3/3), done.
Writing objects: 100% (4/4), 378 bytes | 378.00 KiB/s, done.
Total 4 (delta 0), reused 0 (delta 0), pack-reused 0 (from 0)
To github.com:Kathir2710/training-github.git
   ffc0b98..acaf514  main -> main
PS C:\Users\kathi\OneDrive\Desktop\Github\training-github> 